******************************************************************************
                  MSP430 Linker PC v21.6.0                     
******************************************************************************
>> Linked Mon Feb  6 14:20:21 2023

OUTPUT FILE NAME:   <uart_particule.out>
ENTRY POINT SYMBOL: "_c_int00_noargs"  address: 0000d45e


MEMORY CONFIGURATION

         name            origin    length      used     unused   attr    fill
----------------------  --------  ---------  --------  --------  ----  --------
  SFR                   00000000   00000010  00000000  00000010  RWIX
  PERIPHERALS_8BIT      00000010   000000f0  00000000  000000f0  RWIX
  PERIPHERALS_16BIT     00000100   00000100  00000000  00000100  RWIX
  RAM                   00000200   00000200  0000008d  00000173  RWIX
  INFOD                 00001000   00000040  00000000  00000040  RWIX
  INFOC                 00001040   00000040  00000000  00000040  RWIX
  INFOB                 00001080   00000040  00000000  00000040  RWIX
  INFOA                 000010c0   00000040  00000000  00000040  RWIX
  FLASH                 0000c000   00003fde  0000162a  000029b4  RWIX
  BSLSIGNATURE          0000ffde   00000002  00000002  00000000  RWIX  ffff 
  INT00                 0000ffe0   00000002  00000002  00000000  RWIX
  INT01                 0000ffe2   00000002  00000000  00000002  RWIX
  INT02                 0000ffe4   00000002  00000002  00000000  RWIX
  INT03                 0000ffe6   00000002  00000002  00000000  RWIX
  INT04                 0000ffe8   00000002  00000000  00000002  RWIX
  INT05                 0000ffea   00000002  00000002  00000000  RWIX
  INT06                 0000ffec   00000002  00000002  00000000  RWIX
  INT07                 0000ffee   00000002  00000002  00000000  RWIX
  INT08                 0000fff0   00000002  00000002  00000000  RWIX
  INT09                 0000fff2   00000002  00000002  00000000  RWIX
  INT10                 0000fff4   00000002  00000002  00000000  RWIX
  INT11                 0000fff6   00000002  00000002  00000000  RWIX
  INT12                 0000fff8   00000002  00000002  00000000  RWIX
  INT13                 0000fffa   00000002  00000002  00000000  RWIX
  INT14                 0000fffc   00000002  00000002  00000000  RWIX
  RESET                 0000fffe   00000002  00000002  00000000  RWIX


SECTION ALLOCATION MAP

 output                                  attributes/
section   page    origin      length       input sections
--------  ----  ----------  ----------   ----------------
.bss       0    00000200    00000030     UNINITIALIZED
                  00000200    00000010     (.common:read)
                  00000210    00000008     (.common:sensor)
                  00000218    00000004     (.common:opacite_num)
                  0000021c    00000004     (.common:temperature_num)
                  00000220    00000002     (.common:commande)
                  00000222    00000002     (.common:commande1)
                  00000224    00000002     (.common:commande2)
                  00000226    00000002     (.common:diff_temperature)
                  00000228    00000002     (.common:opacite)
                  0000022a    00000002     (.common:origin_temperature)
                  0000022c    00000002     (.common:pm25)
                  0000022e    00000002     (.common:temperature)

.data      0    00000230    0000000d     UNINITIALIZED
                  00000230    0000000d     main.obj (.data)

.stack     0    000003b0    00000050     UNINITIALIZED
                  000003b0    00000002     rts430_eabi.lib : boot.c.obj (.stack)
                  000003b2    0000004e     --HOLE--

.text      0    0000c000    00001608     
                  0000c000    00000478     rts430_eabi.lib : frcdivd.c.obj (.text:__TI_frcdivd)
                  0000c478    000002c6     main.obj (.text:main)
                  0000c73e    000002c0     rts430_eabi.lib : mpyd.c.obj (.text:__mspabi_mpyd)
                  0000c9fe    00000238                     : divd.c.obj (.text:__mspabi_divd)
                  0000cc36    00000172                     : frcmpyd.c.obj (.text:__TI_frcmpyd)
                  0000cda8    00000114                     : mult64.asm.obj (.text:__mpyll)
                  0000cebc    0000007c                     : copy_decompress_lzss.c.obj (.text:decompress:lzss:__TI_decompress_lzss)
                  0000cf38    00000076     main.obj (.text:USCI0RX_ISR)
                  0000cfae    00000074     rts430_eabi.lib : fixdul.c.obj (.text:__mspabi_fixdul)
                  0000d022    00000070                     : cvtfd.c.obj (.text:__mspabi_cvtfd)
                  0000d092    0000005c                     : lsr32.asm.obj (.text:l_lsr_const)
                  0000d0ee    0000004c                     : lsr16.asm.obj (.text)
                  0000d13a    0000004a     main.obj (.text:Init_uart)
                  0000d184    00000048     main.obj (.text:Aff_Init)
                  0000d1cc    00000046     rts430_eabi.lib : lsr64.c.obj (.text:__mspabi_srlll)
                  0000d212    00000044                     : lsl64.c.obj (.text:__mspabi_sllll)
                  0000d256    00000042                     : autoinit.c.obj (.text:__TI_auto_init_nobinit_nopinit:__TI_auto_init_nobinit_nopinit)
                  0000d298    0000003e                     : asr32.asm.obj (.text:l_asr_const)
                  0000d2d6    0000003e                     : lsl32.asm.obj (.text:l_lsl_const)
                  0000d314    00000036                     : fs_itof.asm.obj (.text)
                  0000d34a    0000002c     main.obj (.text:Aff_4carac)
                  0000d376    0000002c     rts430_eabi.lib : asr16.asm.obj (.text)
                  0000d3a2    0000002c                     : lsl16.asm.obj (.text)
                  0000d3ce    0000002a     main.obj (.text:Init_USI_SPI)
                  0000d3f8    00000026     rts430_eabi.lib : mult32.asm.obj (.text)
                  0000d41e    00000022                     : mult1632.asm.obj (.text:__mpyul)
                  0000d440    0000001e                     : mult3264.asm.obj (.text:__mpyull)
                  0000d45e    0000001c                     : boot.c.obj (.text:_c_int00_noargs)
                  0000d47a    0000001c     main.obj (.text:send_string_value)
                  0000d496    00000018     main.obj (.text:send_string)
                  0000d4ae    00000016     main.obj (.text:ADC_Demarrer_conversion)
                  0000d4c4    00000016     main.obj (.text:ADC_init)
                  0000d4da    00000016     rts430_eabi.lib : div16u.asm.obj (.text)
                  0000d4f0    00000014     main.obj (.text:Send_char_SPI)
                  0000d504    00000014     rts430_eabi.lib : copy_zero_init.c.obj (.text:decompress:ZI:__TI_zero_init_nomemset:__TI_zero_init_nomemset)
                  0000d518    00000014                     : mult16.asm.obj (.text)
                  0000d52c    00000012     main.obj (.text:Aff_Efface)
                  0000d53e    00000012     main.obj (.text:Aff_Luminosite)
                  0000d550    00000012     main.obj (.text:Aff_Points)
                  0000d562    00000012     rts430_eabi.lib : fixdu.c.obj (.text:__mspabi_fixdu)
                  0000d574    00000012                     : copy_decompress_none.c.obj (.text:decompress:none:__TI_decompress_none)
                  0000d586    00000012                     : lsr32.asm.obj (.text:l_lsr)
                  0000d598    00000012                     : memcpy.c.obj (.text:memcpy)
                  0000d5aa    00000010     main.obj (.text:ADC_Lire_resultat)
                  0000d5ba    00000010     main.obj (.text:getpm25)
                  0000d5ca    00000010     rts430_eabi.lib : epilog.asm.obj (.text)
                  0000d5da    0000000e     main.obj (.text:i_tochar)
                  0000d5e8    0000000c     main.obj (.text:send_char)
                  0000d5f4    00000008     rts430_eabi.lib : isr_trap.asm.obj (.text:_isr:__TI_ISR_TRAP)
                  0000d5fc    00000006                     : exit.c.obj (.text:abort)
                  0000d602    00000004                     : pre_init.c.obj (.text:_system_pre_init)
                  0000d606    00000002                     : startup.c.obj (.text:_system_post_cinit)

.const     0    0000d608    00000006     
                  0000d608    00000006     main.obj (.const:.string)

.cinit     0    0000d60e    0000001c     
                  0000d60e    0000000a     (.cinit..data.load) [load image, compression = lzss]
                  0000d618    00000006     (__TI_handler_table)
                  0000d61e    00000004     (.cinit..bss.load) [load image, compression = zero_init]
                  0000d622    00000008     (__TI_cinit_table)

.binit     0    0000c000    00000000     

.init_array 
*          0    0000c000    00000000     UNINITIALIZED

TRAPINT    0    0000ffe0    00000002     
                  0000ffe0    00000002     rts430_eabi.lib : int00.asm.obj (.int00)

PORT1      0    0000ffe4    00000002     
                  0000ffe4    00000002     rts430_eabi.lib : int02.asm.obj (.int02)

PORT2      0    0000ffe6    00000002     
                  0000ffe6    00000002     rts430_eabi.lib : int03.asm.obj (.int03)

ADC10      0    0000ffea    00000002     
                  0000ffea    00000002     rts430_eabi.lib : int05.asm.obj (.int05)

USCIAB0TX 
*          0    0000ffec    00000002     
                  0000ffec    00000002     rts430_eabi.lib : int06.asm.obj (.int06)

USCIAB0RX 
*          0    0000ffee    00000002     
                  0000ffee    00000002     main.obj (.int07)

TIMER0_A1 
*          0    0000fff0    00000002     
                  0000fff0    00000002     rts430_eabi.lib : int08.asm.obj (.int08)

TIMER0_A0 
*          0    0000fff2    00000002     
                  0000fff2    00000002     rts430_eabi.lib : int09.asm.obj (.int09)

WDT        0    0000fff4    00000002     
                  0000fff4    00000002     rts430_eabi.lib : int10.asm.obj (.int10)

COMPARATORA 
*          0    0000fff6    00000002     
                  0000fff6    00000002     rts430_eabi.lib : int11.asm.obj (.int11)

TIMER1_A1 
*          0    0000fff8    00000002     
                  0000fff8    00000002     rts430_eabi.lib : int12.asm.obj (.int12)

TIMER1_A0 
*          0    0000fffa    00000002     
                  0000fffa    00000002     rts430_eabi.lib : int13.asm.obj (.int13)

NMI        0    0000fffc    00000002     
                  0000fffc    00000002     rts430_eabi.lib : int14.asm.obj (.int14)

.reset     0    0000fffe    00000002     
                  0000fffe    00000002     rts430_eabi.lib : boot.c.obj (.reset)

$fill000   0    0000ffde    00000002     
                  0000ffde    00000002     --HOLE-- [fill = ffff]

MODULE SUMMARY

       Module                       code   ro data   rw data
       ------                       ----   -------   -------
    .\
       main.obj                     1288   8         61     
    +--+----------------------------+------+---------+---------+
       Total:                       1288   8         61     
                                                            
    C:\ti\ccs1110\ccs\tools\compiler\ti-cgt-msp430_21.6.0.LTS\lib\rts430_eabi.lib
       frcdivd.c.obj                1144   0         0      
       mpyd.c.obj                   704    0         0      
       divd.c.obj                   568    0         0      
       frcmpyd.c.obj                370    0         0      
       mult64.asm.obj               276    0         0      
       copy_decompress_lzss.c.obj   124    0         0      
       fixdul.c.obj                 116    0         0      
       cvtfd.c.obj                  112    0         0      
       lsr32.asm.obj                110    0         0      
       lsr16.asm.obj                76     0         0      
       lsr64.c.obj                  70     0         0      
       lsl64.c.obj                  68     0         0      
       autoinit.c.obj               66     0         0      
       asr32.asm.obj                62     0         0      
       lsl32.asm.obj                62     0         0      
       fs_itof.asm.obj              54     0         0      
       asr16.asm.obj                44     0         0      
       lsl16.asm.obj                44     0         0      
       mult32.asm.obj               38     0         0      
       mult1632.asm.obj             34     0         0      
       boot.c.obj                   28     2         0      
       mult3264.asm.obj             30     0         0      
       div16u.asm.obj               22     0         0      
       copy_zero_init.c.obj         20     0         0      
       mult16.asm.obj               20     0         0      
       copy_decompress_none.c.obj   18     0         0      
       fixdu.c.obj                  18     0         0      
       memcpy.c.obj                 18     0         0      
       epilog.asm.obj               16     0         0      
       isr_trap.asm.obj             8      0         0      
       exit.c.obj                   6      0         0      
       pre_init.c.obj               4      0         0      
       int00.asm.obj                0      2         0      
       int02.asm.obj                0      2         0      
       int03.asm.obj                0      2         0      
       int05.asm.obj                0      2         0      
       int06.asm.obj                0      2         0      
       int08.asm.obj                0      2         0      
       int09.asm.obj                0      2         0      
       int10.asm.obj                0      2         0      
       int11.asm.obj                0      2         0      
       int12.asm.obj                0      2         0      
       int13.asm.obj                0      2         0      
       int14.asm.obj                0      2         0      
       startup.c.obj                2      0         0      
    +--+----------------------------+------+---------+---------+
       Total:                       4352   26        0      
                                                            
       Stack:                       0      0         80     
       Linker Generated:            0      28        0      
    +--+----------------------------+------+---------+---------+
       Grand Total:                 5640   62        141    


LINKER GENERATED COPY TABLES

__TI_cinit_table @ 0000d622 records: 2, size/record: 4, table size: 8
	.data: load addr=0000d60e, load size=0000000a bytes, run addr=00000230, run size=0000000d bytes, compression=lzss
	.bss: load addr=0000d61e, load size=00000004 bytes, run addr=00000200, run size=00000030 bytes, compression=zero_init


LINKER GENERATED HANDLER TABLE

__TI_handler_table @ 0000d618 records: 3, size/record: 2, table size: 6
	index: 0, handler: __TI_zero_init
	index: 1, handler: __TI_decompress_lzss
	index: 2, handler: __TI_decompress_none


GLOBAL SYMBOLS: SORTED ALPHABETICALLY BY Name 

address   name                          
-------   ----                          
0000004a  ADC10AE0                      
000001b0  ADC10CTL0                     
000001b2  ADC10CTL1                     
00000048  ADC10DTC0                     
00000049  ADC10DTC1                     
000001b4  ADC10MEM                      
000001bc  ADC10SA                       
0000d4ae  ADC_Demarrer_conversion       
0000d5aa  ADC_Lire_resultat             
0000d4c4  ADC_init                      
0000d34a  Aff_4carac                    
0000d52c  Aff_Efface                    
0000d184  Aff_Init                      
0000d53e  Aff_Luminosite                
0000d550  Aff_Points                    
00000057  BCSCTL1                       
00000058  BCSCTL2                       
00000053  BCSCTL3                       
0000d5fc  C$$EXIT                       
00000059  CACTL1                        
0000005a  CACTL2                        
000010fb  CALBC1_12MHZ                  
000010f9  CALBC1_16MHZ                  
000010ff  CALBC1_1MHZ                   
000010fd  CALBC1_8MHZ                   
000010fa  CALDCO_12MHZ                  
000010f8  CALDCO_16MHZ                  
000010fe  CALDCO_1MHZ                   
000010fc  CALDCO_8MHZ                   
0000005b  CAPD                          
00000056  DCOCTL                        
00000128  FCTL1                         
0000012a  FCTL2                         
0000012c  FCTL3                         
00000000  IE1                           
00000001  IE2                           
00000002  IFG1                          
00000003  IFG2                          
0000d3ce  Init_USI_SPI                  
0000d13a  Init_uart                     
00000022  P1DIR                         
00000025  P1IE                          
00000024  P1IES                         
00000023  P1IFG                         
00000020  P1IN                          
00000021  P1OUT                         
00000027  P1REN                         
00000026  P1SEL                         
00000041  P1SEL2                        
0000002a  P2DIR                         
0000002d  P2IE                          
0000002c  P2IES                         
0000002b  P2IFG                         
00000028  P2IN                          
00000029  P2OUT                         
0000002f  P2REN                         
0000002e  P2SEL                         
00000042  P2SEL2                        
0000001a  P3DIR                         
00000018  P3IN                          
00000019  P3OUT                         
00000010  P3REN                         
0000001b  P3SEL                         
00000043  P3SEL2                        
0000d4f0  Send_char_SPI                 
00000172  TA0CCR0                       
00000174  TA0CCR1                       
00000176  TA0CCR2                       
00000162  TA0CCTL0                      
00000164  TA0CCTL1                      
00000166  TA0CCTL2                      
00000160  TA0CTL                        
0000012e  TA0IV                         
00000170  TA0R                          
00000192  TA1CCR0                       
00000194  TA1CCR1                       
00000196  TA1CCR2                       
00000182  TA1CCTL0                      
00000184  TA1CCTL1                      
00000186  TA1CCTL2                      
00000180  TA1CTL                        
0000011e  TA1IV                         
00000190  TA1R                          
000010db  TLV_ADC10_1_LEN               
000010da  TLV_ADC10_1_TAG               
000010c0  TLV_CHECKSUM                  
000010f7  TLV_DCO_30_LEN                
000010f6  TLV_DCO_30_TAG                
0000005d  UCA0ABCTL                     
00000062  UCA0BR0                       
00000063  UCA0BR1                       
00000060  UCA0CTL0                      
00000061  UCA0CTL1                      
0000005f  UCA0IRRCTL                    
0000005e  UCA0IRTCTL                    
00000064  UCA0MCTL                      
00000066  UCA0RXBUF                     
00000065  UCA0STAT                      
00000067  UCA0TXBUF                     
0000006a  UCB0BR0                       
0000006b  UCB0BR1                       
00000068  UCB0CTL0                      
00000069  UCB0CTL1                      
0000006c  UCB0I2CIE                     
00000118  UCB0I2COA                     
0000011a  UCB0I2CSA                     
0000006e  UCB0RXBUF                     
0000006d  UCB0STAT                      
0000006f  UCB0TXBUF                     
0000cf38  USCI0RX_ISR                   
00000120  WDTCTL                        
00000400  __STACK_END                   
00000050  __STACK_SIZE                  
0000d622  __TI_CINIT_Base               
0000d62a  __TI_CINIT_Limit              
0000d62a  __TI_CINIT_Warm               
0000d618  __TI_Handler_Table_Base       
0000d61e  __TI_Handler_Table_Limit      
0000d5f4  __TI_ISR_TRAP                 
0000d256  __TI_auto_init_nobinit_nopinit
0000cebc  __TI_decompress_lzss          
0000d574  __TI_decompress_none          
0000c000  __TI_frcdivd                  
0000cc36  __TI_frcmpyd                  
0000ffe0  __TI_int00                    
0000ffe4  __TI_int02                    
0000ffe6  __TI_int03                    
0000ffea  __TI_int05                    
0000ffec  __TI_int06                    
0000ffee  __TI_int07                    
0000fff0  __TI_int08                    
0000fff2  __TI_int09                    
0000fff4  __TI_int10                    
0000fff6  __TI_int11                    
0000fff8  __TI_int12                    
0000fffa  __TI_int13                    
0000fffc  __TI_int14                    
ffffffff  __TI_pprof_out_hndl           
ffffffff  __TI_prof_data_size           
ffffffff  __TI_prof_data_start          
0000d504  __TI_zero_init_nomemset       
ffffffff  __c_args__                    
0000d022  __mspabi_cvtfd                
0000c9fe  __mspabi_divd                 
0000d4da  __mspabi_divu                 
0000d562  __mspabi_fixdu                
0000cfae  __mspabi_fixdul               
0000d314  __mspabi_fltif                
0000d5d6  __mspabi_func_epilog_1        
0000d5d4  __mspabi_func_epilog_2        
0000d5d2  __mspabi_func_epilog_3        
0000d5d0  __mspabi_func_epilog_4        
0000d5ce  __mspabi_func_epilog_5        
0000d5cc  __mspabi_func_epilog_6        
0000d5ca  __mspabi_func_epilog_7        
0000c73e  __mspabi_mpyd                 
0000d518  __mspabi_mpyi                 
0000d518  __mspabi_mpyi_sw              
0000d3f8  __mspabi_mpyl                 
0000d3f8  __mspabi_mpyl_sw              
0000cda8  __mspabi_mpyll                
0000cda8  __mspabi_mpyll_sw             
0000d41e  __mspabi_mpyul                
0000d41e  __mspabi_mpyul_sw             
0000d440  __mspabi_mpyull               
0000d440  __mspabi_mpyull_sw            
0000d4da  __mspabi_remu                 
0000d3a2  __mspabi_slli                 
0000d3ca  __mspabi_slli_1               
0000d3b8  __mspabi_slli_10              
0000d3b6  __mspabi_slli_11              
0000d3b4  __mspabi_slli_12              
0000d3b2  __mspabi_slli_13              
0000d3b0  __mspabi_slli_14              
0000d3ae  __mspabi_slli_15              
0000d3c8  __mspabi_slli_2               
0000d3c6  __mspabi_slli_3               
0000d3c4  __mspabi_slli_4               
0000d3c2  __mspabi_slli_5               
0000d3c0  __mspabi_slli_6               
0000d3be  __mspabi_slli_7               
0000d3bc  __mspabi_slli_8               
0000d3ba  __mspabi_slli_9               
0000d30e  __mspabi_slll_1               
0000d2ea  __mspabi_slll_10              
0000d2e6  __mspabi_slll_11              
0000d2e2  __mspabi_slll_12              
0000d2de  __mspabi_slll_13              
0000d2da  __mspabi_slll_14              
0000d2d6  __mspabi_slll_15              
0000d30a  __mspabi_slll_2               
0000d306  __mspabi_slll_3               
0000d302  __mspabi_slll_4               
0000d2fe  __mspabi_slll_5               
0000d2fa  __mspabi_slll_6               
0000d2f6  __mspabi_slll_7               
0000d2f2  __mspabi_slll_8               
0000d2ee  __mspabi_slll_9               
0000d212  __mspabi_sllll                
0000d376  __mspabi_srai                 
0000d39e  __mspabi_srai_1               
0000d38c  __mspabi_srai_10              
0000d38a  __mspabi_srai_11              
0000d388  __mspabi_srai_12              
0000d386  __mspabi_srai_13              
0000d384  __mspabi_srai_14              
0000d382  __mspabi_srai_15              
0000d39c  __mspabi_srai_2               
0000d39a  __mspabi_srai_3               
0000d398  __mspabi_srai_4               
0000d396  __mspabi_srai_5               
0000d394  __mspabi_srai_6               
0000d392  __mspabi_srai_7               
0000d390  __mspabi_srai_8               
0000d38e  __mspabi_srai_9               
0000d2d0  __mspabi_sral_1               
0000d2ac  __mspabi_sral_10              
0000d2a8  __mspabi_sral_11              
0000d2a4  __mspabi_sral_12              
0000d2a0  __mspabi_sral_13              
0000d29c  __mspabi_sral_14              
0000d298  __mspabi_sral_15              
0000d2cc  __mspabi_sral_2               
0000d2c8  __mspabi_sral_3               
0000d2c4  __mspabi_sral_4               
0000d2c0  __mspabi_sral_5               
0000d2bc  __mspabi_sral_6               
0000d2b8  __mspabi_sral_7               
0000d2b4  __mspabi_sral_8               
0000d2b0  __mspabi_sral_9               
0000d0ee  __mspabi_srli                 
0000d134  __mspabi_srli_1               
0000d110  __mspabi_srli_10              
0000d10c  __mspabi_srli_11              
0000d108  __mspabi_srli_12              
0000d104  __mspabi_srli_13              
0000d100  __mspabi_srli_14              
0000d0fc  __mspabi_srli_15              
0000d130  __mspabi_srli_2               
0000d12c  __mspabi_srli_3               
0000d128  __mspabi_srli_4               
0000d124  __mspabi_srli_5               
0000d120  __mspabi_srli_6               
0000d11c  __mspabi_srli_7               
0000d118  __mspabi_srli_8               
0000d114  __mspabi_srli_9               
0000d586  __mspabi_srll                 
0000d0e6  __mspabi_srll_1               
0000d0b0  __mspabi_srll_10              
0000d0aa  __mspabi_srll_11              
0000d0a4  __mspabi_srll_12              
0000d09e  __mspabi_srll_13              
0000d098  __mspabi_srll_14              
0000d092  __mspabi_srll_15              
0000d0e0  __mspabi_srll_2               
0000d0da  __mspabi_srll_3               
0000d0d4  __mspabi_srll_4               
0000d0ce  __mspabi_srll_5               
0000d0c8  __mspabi_srll_6               
0000d0c2  __mspabi_srll_7               
0000d0bc  __mspabi_srll_8               
0000d0b6  __mspabi_srll_9               
0000d1cc  __mspabi_srlll                
0000d45e  _c_int00_noargs               
0000fffe  _reset_vector                 
000003b0  _stack                        
0000d606  _system_post_cinit            
0000d602  _system_pre_init              
0000d5fc  abort                         
00000220  commande                      
00000222  commande1                     
00000224  commande2                     
00000234  count                         
0000023b  count_ev                      
00000226  diff_temperature              
00000238  flag                          
0000023a  flag_ev                       
0000d5ba  getpm25                       
00000232  i                             
0000d5da  i_tochar                      
00000230  j                             
0000c478  main                          
0000d598  memcpy                        
00000228  opacite                       
00000218  opacite_num                   
0000022a  origin_temperature            
0000022c  pm25                          
00000200  read                          
0000d5e8  send_char                     
0000d496  send_string                   
0000d47a  send_string_value             
00000210  sensor                        
00000236  size                          
0000023c  state                         
0000022e  temperature                   
0000021c  temperature_num               


GLOBAL SYMBOLS: SORTED BY Symbol Address 

address   name                          
-------   ----                          
00000000  IE1                           
00000001  IE2                           
00000002  IFG1                          
00000003  IFG2                          
00000010  P3REN                         
00000018  P3IN                          
00000019  P3OUT                         
0000001a  P3DIR                         
0000001b  P3SEL                         
00000020  P1IN                          
00000021  P1OUT                         
00000022  P1DIR                         
00000023  P1IFG                         
00000024  P1IES                         
00000025  P1IE                          
00000026  P1SEL                         
00000027  P1REN                         
00000028  P2IN                          
00000029  P2OUT                         
0000002a  P2DIR                         
0000002b  P2IFG                         
0000002c  P2IES                         
0000002d  P2IE                          
0000002e  P2SEL                         
0000002f  P2REN                         
00000041  P1SEL2                        
00000042  P2SEL2                        
00000043  P3SEL2                        
00000048  ADC10DTC0                     
00000049  ADC10DTC1                     
0000004a  ADC10AE0                      
00000050  __STACK_SIZE                  
00000053  BCSCTL3                       
00000056  DCOCTL                        
00000057  BCSCTL1                       
00000058  BCSCTL2                       
00000059  CACTL1                        
0000005a  CACTL2                        
0000005b  CAPD                          
0000005d  UCA0ABCTL                     
0000005e  UCA0IRTCTL                    
0000005f  UCA0IRRCTL                    
00000060  UCA0CTL0                      
00000061  UCA0CTL1                      
00000062  UCA0BR0                       
00000063  UCA0BR1                       
00000064  UCA0MCTL                      
00000065  UCA0STAT                      
00000066  UCA0RXBUF                     
00000067  UCA0TXBUF                     
00000068  UCB0CTL0                      
00000069  UCB0CTL1                      
0000006a  UCB0BR0                       
0000006b  UCB0BR1                       
0000006c  UCB0I2CIE                     
0000006d  UCB0STAT                      
0000006e  UCB0RXBUF                     
0000006f  UCB0TXBUF                     
00000118  UCB0I2COA                     
0000011a  UCB0I2CSA                     
0000011e  TA1IV                         
00000120  WDTCTL                        
00000128  FCTL1                         
0000012a  FCTL2                         
0000012c  FCTL3                         
0000012e  TA0IV                         
00000160  TA0CTL                        
00000162  TA0CCTL0                      
00000164  TA0CCTL1                      
00000166  TA0CCTL2                      
00000170  TA0R                          
00000172  TA0CCR0                       
00000174  TA0CCR1                       
00000176  TA0CCR2                       
00000180  TA1CTL                        
00000182  TA1CCTL0                      
00000184  TA1CCTL1                      
00000186  TA1CCTL2                      
00000190  TA1R                          
00000192  TA1CCR0                       
00000194  TA1CCR1                       
00000196  TA1CCR2                       
000001b0  ADC10CTL0                     
000001b2  ADC10CTL1                     
000001b4  ADC10MEM                      
000001bc  ADC10SA                       
00000200  read                          
00000210  sensor                        
00000218  opacite_num                   
0000021c  temperature_num               
00000220  commande                      
00000222  commande1                     
00000224  commande2                     
00000226  diff_temperature              
00000228  opacite                       
0000022a  origin_temperature            
0000022c  pm25                          
0000022e  temperature                   
00000230  j                             
00000232  i                             
00000234  count                         
00000236  size                          
00000238  flag                          
0000023a  flag_ev                       
0000023b  count_ev                      
0000023c  state                         
000003b0  _stack                        
00000400  __STACK_END                   
000010c0  TLV_CHECKSUM                  
000010da  TLV_ADC10_1_TAG               
000010db  TLV_ADC10_1_LEN               
000010f6  TLV_DCO_30_TAG                
000010f7  TLV_DCO_30_LEN                
000010f8  CALDCO_16MHZ                  
000010f9  CALBC1_16MHZ                  
000010fa  CALDCO_12MHZ                  
000010fb  CALBC1_12MHZ                  
000010fc  CALDCO_8MHZ                   
000010fd  CALBC1_8MHZ                   
000010fe  CALDCO_1MHZ                   
000010ff  CALBC1_1MHZ                   
0000c000  __TI_frcdivd                  
0000c478  main                          
0000c73e  __mspabi_mpyd                 
0000c9fe  __mspabi_divd                 
0000cc36  __TI_frcmpyd                  
0000cda8  __mspabi_mpyll                
0000cda8  __mspabi_mpyll_sw             
0000cebc  __TI_decompress_lzss          
0000cf38  USCI0RX_ISR                   
0000cfae  __mspabi_fixdul               
0000d022  __mspabi_cvtfd                
0000d092  __mspabi_srll_15              
0000d098  __mspabi_srll_14              
0000d09e  __mspabi_srll_13              
0000d0a4  __mspabi_srll_12              
0000d0aa  __mspabi_srll_11              
0000d0b0  __mspabi_srll_10              
0000d0b6  __mspabi_srll_9               
0000d0bc  __mspabi_srll_8               
0000d0c2  __mspabi_srll_7               
0000d0c8  __mspabi_srll_6               
0000d0ce  __mspabi_srll_5               
0000d0d4  __mspabi_srll_4               
0000d0da  __mspabi_srll_3               
0000d0e0  __mspabi_srll_2               
0000d0e6  __mspabi_srll_1               
0000d0ee  __mspabi_srli                 
0000d0fc  __mspabi_srli_15              
0000d100  __mspabi_srli_14              
0000d104  __mspabi_srli_13              
0000d108  __mspabi_srli_12              
0000d10c  __mspabi_srli_11              
0000d110  __mspabi_srli_10              
0000d114  __mspabi_srli_9               
0000d118  __mspabi_srli_8               
0000d11c  __mspabi_srli_7               
0000d120  __mspabi_srli_6               
0000d124  __mspabi_srli_5               
0000d128  __mspabi_srli_4               
0000d12c  __mspabi_srli_3               
0000d130  __mspabi_srli_2               
0000d134  __mspabi_srli_1               
0000d13a  Init_uart                     
0000d184  Aff_Init                      
0000d1cc  __mspabi_srlll                
0000d212  __mspabi_sllll                
0000d256  __TI_auto_init_nobinit_nopinit
0000d298  __mspabi_sral_15              
0000d29c  __mspabi_sral_14              
0000d2a0  __mspabi_sral_13              
0000d2a4  __mspabi_sral_12              
0000d2a8  __mspabi_sral_11              
0000d2ac  __mspabi_sral_10              
0000d2b0  __mspabi_sral_9               
0000d2b4  __mspabi_sral_8               
0000d2b8  __mspabi_sral_7               
0000d2bc  __mspabi_sral_6               
0000d2c0  __mspabi_sral_5               
0000d2c4  __mspabi_sral_4               
0000d2c8  __mspabi_sral_3               
0000d2cc  __mspabi_sral_2               
0000d2d0  __mspabi_sral_1               
0000d2d6  __mspabi_slll_15              
0000d2da  __mspabi_slll_14              
0000d2de  __mspabi_slll_13              
0000d2e2  __mspabi_slll_12              
0000d2e6  __mspabi_slll_11              
0000d2ea  __mspabi_slll_10              
0000d2ee  __mspabi_slll_9               
0000d2f2  __mspabi_slll_8               
0000d2f6  __mspabi_slll_7               
0000d2fa  __mspabi_slll_6               
0000d2fe  __mspabi_slll_5               
0000d302  __mspabi_slll_4               
0000d306  __mspabi_slll_3               
0000d30a  __mspabi_slll_2               
0000d30e  __mspabi_slll_1               
0000d314  __mspabi_fltif                
0000d34a  Aff_4carac                    
0000d376  __mspabi_srai                 
0000d382  __mspabi_srai_15              
0000d384  __mspabi_srai_14              
0000d386  __mspabi_srai_13              
0000d388  __mspabi_srai_12              
0000d38a  __mspabi_srai_11              
0000d38c  __mspabi_srai_10              
0000d38e  __mspabi_srai_9               
0000d390  __mspabi_srai_8               
0000d392  __mspabi_srai_7               
0000d394  __mspabi_srai_6               
0000d396  __mspabi_srai_5               
0000d398  __mspabi_srai_4               
0000d39a  __mspabi_srai_3               
0000d39c  __mspabi_srai_2               
0000d39e  __mspabi_srai_1               
0000d3a2  __mspabi_slli                 
0000d3ae  __mspabi_slli_15              
0000d3b0  __mspabi_slli_14              
0000d3b2  __mspabi_slli_13              
0000d3b4  __mspabi_slli_12              
0000d3b6  __mspabi_slli_11              
0000d3b8  __mspabi_slli_10              
0000d3ba  __mspabi_slli_9               
0000d3bc  __mspabi_slli_8               
0000d3be  __mspabi_slli_7               
0000d3c0  __mspabi_slli_6               
0000d3c2  __mspabi_slli_5               
0000d3c4  __mspabi_slli_4               
0000d3c6  __mspabi_slli_3               
0000d3c8  __mspabi_slli_2               
0000d3ca  __mspabi_slli_1               
0000d3ce  Init_USI_SPI                  
0000d3f8  __mspabi_mpyl                 
0000d3f8  __mspabi_mpyl_sw              
0000d41e  __mspabi_mpyul                
0000d41e  __mspabi_mpyul_sw             
0000d440  __mspabi_mpyull               
0000d440  __mspabi_mpyull_sw            
0000d45e  _c_int00_noargs               
0000d47a  send_string_value             
0000d496  send_string                   
0000d4ae  ADC_Demarrer_conversion       
0000d4c4  ADC_init                      
0000d4da  __mspabi_divu                 
0000d4da  __mspabi_remu                 
0000d4f0  Send_char_SPI                 
0000d504  __TI_zero_init_nomemset       
0000d518  __mspabi_mpyi                 
0000d518  __mspabi_mpyi_sw              
0000d52c  Aff_Efface                    
0000d53e  Aff_Luminosite                
0000d550  Aff_Points                    
0000d562  __mspabi_fixdu                
0000d574  __TI_decompress_none          
0000d586  __mspabi_srll                 
0000d598  memcpy                        
0000d5aa  ADC_Lire_resultat             
0000d5ba  getpm25                       
0000d5ca  __mspabi_func_epilog_7        
0000d5cc  __mspabi_func_epilog_6        
0000d5ce  __mspabi_func_epilog_5        
0000d5d0  __mspabi_func_epilog_4        
0000d5d2  __mspabi_func_epilog_3        
0000d5d4  __mspabi_func_epilog_2        
0000d5d6  __mspabi_func_epilog_1        
0000d5da  i_tochar                      
0000d5e8  send_char                     
0000d5f4  __TI_ISR_TRAP                 
0000d5fc  C$$EXIT                       
0000d5fc  abort                         
0000d602  _system_pre_init              
0000d606  _system_post_cinit            
0000d618  __TI_Handler_Table_Base       
0000d61e  __TI_Handler_Table_Limit      
0000d622  __TI_CINIT_Base               
0000d62a  __TI_CINIT_Limit              
0000d62a  __TI_CINIT_Warm               
0000ffe0  __TI_int00                    
0000ffe4  __TI_int02                    
0000ffe6  __TI_int03                    
0000ffea  __TI_int05                    
0000ffec  __TI_int06                    
0000ffee  __TI_int07                    
0000fff0  __TI_int08                    
0000fff2  __TI_int09                    
0000fff4  __TI_int10                    
0000fff6  __TI_int11                    
0000fff8  __TI_int12                    
0000fffa  __TI_int13                    
0000fffc  __TI_int14                    
0000fffe  _reset_vector                 
ffffffff  __TI_pprof_out_hndl           
ffffffff  __TI_prof_data_size           
ffffffff  __TI_prof_data_start          
ffffffff  __c_args__                    

[296 symbols]
